========================================================
 Genuine LEZ Sequencer On-Chain BatchRegister Execution
========================================================
Connected to active LEZ Sequencer: http://127.0.0.1:3040
Sequencer Version: lez sequencer_service v0.1.0 (release, dev bb860d5)
Fee payer account: CbgR6tj5kWx5oziiFptM7jMvrQeYY3Mzaao6ciuhSr2r

=== [Step 1] Deploying OSM Registry Program to Sequencer ===
Loaded ELF binary: /mnt/c/Users/Aftab/Desktop/atlasmirror/osm_registry.bin (341828 bytes)
User ELF size: 309404 bytes, requiring 4 segment(s)
Header account generated: AN4q5kg9L8TnAgnwJpkcofZUXsAXWB738585EWyqMU2U
Segment 0 account: Bf64ocJMMLpiBmGa5jtbsW4xqunSoYtB4EBszXS5QiL7
Segment 1 account: 3aQKgzSfBYPf5fA4Z5vuZWG3ew8knBq5ZTYQ7c7guv1D
Segment 2 account: 8T8KyHS6iBAJVzuJsWb1uHTbZRwKPkSA4YXarGR45e8x
Segment 3 account: 56SnnR762kdGnofUviTunVQYeLnR3PFurhFYTT4cRsqC
Submitting program segments & header deploy transaction (paid by CbgR6tj5kWx5oziiFptM7jMvrQeYY3Mzaao6ciuhSr2r)...
Segment 3 Tx Hash: 6af58c9c4ec8a182266f67a8fe6a680908605f162ffd4eb72c2d95cb7e40d08b
Segment 2 Tx Hash: 3e4c9ba6bceecbf4dbd8cf0e974c9265db01c3a83f3c0b83ebfce21dc984c513
Segment 1 Tx Hash: da5bcbc7bfe809c86d16ef9bd944b81874eea3499b59a34496fa184e86c3bc46
Segment 0 Tx Hash: 97e1575b199e015e04bb919cb78c53d5560ec5595dcdd01541ac456b8c0826af
Header Deploy Tx:  f05ee834565be85c576a3f93e498ebad785cf85766e000449928feedda621b04
Header Deploy confirmed in Block #205
✔ Program successfully deployed! Header ID: AN4q5kg9L8TnAgnwJpkcofZUXsAXWB738585EWyqMU2U
Registry state account created: 8Dr9R6JjxAjESMLKPjSjQ4QaeQk7kYJhpTa7BcLrVm8d

Program Header ID:   AN4q5kg9L8TnAgnwJpkcofZUXsAXWB738585EWyqMU2U
Registry Account ID: 8Dr9R6JjxAjESMLKPjSjQ4QaeQk7kYJhpTa7BcLrVm8d

=== [Step 2] Submitting Initialize Instruction ===
Initialize transaction submitted. Hash: 7352597212c44e350a39e2ed0d56a09f4525a70eeec7a698436f73a46d577aee
Waiting for Initialize transaction finalization on LEZ Sequencer...
✔ Initialize confirmed in Block #207

=== [Step 3] Submitting SINGLE BatchRegister Transaction (2 Regions) ===
Batch item 1: asia/pakistan (level: Country, cid: zDvZRwzmb2rhmbuKmxifz7mCY9PgRtFJUwyescB3xfCKzSvE61vz)
Batch item 2: china/henan (level: Subregion, cid: zDvZRwzmb2rhXLBiRXtyd74Y8MB29es8si7ZEuHL6oMBuaLQyC88)
✔ BatchRegister transaction submitted! Hash: 8982d53ecd45578205a135953969374f2ea721af479c741447d26edfacc95844
Polling LEZ sequencer for transaction inclusion & finalization...
✔ Transaction finalized successfully on LEZ Sequencer!
  Block Height: 209
  Tx Hash:      8982d53ecd45578205a135953969374f2ea721af479c741447d26edfacc95844
  Block Header: BlockHeader { block_id: 209, prev_block_hash: 98e9b0696146f8116bb3adc1f3531916bc4df722f1b4db47bb27cb12eae9edf5, hash: 41ef5e544dff7f0d715b9bb52924117a424a751ce8af4d5a77ddbc196ef54ea5, timestamp: 1790236201307, producer: 23da3838ba0217e0f3ed6bc2df5dc81b200311692b562ae00f6334187bc2611f, signature: f94b2e2028fbb22350fd4b36f8ac99e33412b66130ad100074aca93912eb6ad0a2fc7e58cb136d40b560fb252fdeb177a97189843824ff68c371584b7b6848f9 }
  Finality Status: Finalized

=== [Step 4] Querying On-Chain State from Sequencer ===
Account nonce: Nonce(2), balance: 0
Available shards on account: [AN4q5kg9L8TnAgnwJpkcofZUXsAXWB738585EWyqMU2U]
On-chain shard raw data size: 422 bytes
Decoded RegistryState: total_regions=2, last_updated=1790162994
RECORD: region="asia/pakistan", parent=None, level=Country, cid="zDvZRwzmb2rhmbuKmxifz7mCY9PgRtFJUwyescB3xfCKzSvE61vz", checksum="5dd3c567f557b843aef1576b8973f81f", version="2026-09-22", hosted=true
RECORD: region="china/henan", parent=Some("china"), level=Subregion, cid="zDvZRwzmb2rhXLBiRXtyd74Y8MB29es8si7ZEuHL6oMBuaLQyC88", checksum="765edcbf39256eace4fe32828a14cc58", version="2026-09-22", hosted=true

✔ Cryptographic query-back and record validation verified with 100% exact equality.
========================================================
