========================================================
 Official LEZ zkVM Cycle Benchmarks: OSM Registry
========================================================
Date: 2026-09-23T11:16:17Z
LEZ VM: risc0-r0vm 3.0.5
Program: osm_registry.bin

Loading OSM Registry program from: /mnt/c/Users/Aftab/Desktop/atlasmirror/osm_registry.bin
Loaded ProgramBinary size: 396228 bytes

========================================================
 LEZ Cycle Count Benchmarks: OSM Registry Program
========================================================
Instruction                User Cycles  Wall Time (ms)
--------------------------------------------------------
Initialize                       51680           51.88
RegisterRegion                   93012           53.65
BatchRegister (10)              460245           70.91
BatchRegister (25)             1091110          105.97
BatchRegister (50)             2193714          147.08
--------------------------------------------------------
✔ Benchmarks successfully completed on official LEZ zkVM executor.
