=== LEZ On-Chain State Query & Verification ===
Program Header Account ID: VKQRV4yUWzmHuCJsPaCDNq5cZWo1FXdy4HRSieQetYV
Program ID: [1335955290, 2377200224, 441259996, 2070535360, 243394879, 4288740759, 1849673142, 6245295]

Query Command:
run_osm_registry osm_registry.bin VKQRV4yUWzmHuCJsPaCDNq5cZWo1FXdy4HRSieQetYV query

Query Result:
Account view: Account {
  nonce: Nonce(1),
  data: AccountData {
    balance: 0,
    shards: {
      VKQRV4yUWzmHuCJsPaCDNq5cZWo1FXdy4HRSieQetYV: ShardData([1, 0, 0, 0, 0, 0, 0, 0, 64, 18, 236, 102, 0, 0, 0, 0, 1, 0, 0, 0, 8, 0, 0, 0, 112, 97, 107, 105, 115, 116, 97, 110, 0, 0, 52, 0, 0, 0, 122, 68, 118, 90, 82, 119, 122, 109, 52, 70, 66, 115, 83, 71, 74, 82, 102, 116, 113, 113, 89, 101, 118, 55, 97, 78, 66, 69, 99, 69, 85, 99, 119, 68, 66, 120, 67, 83, 82, 69, 88, 71, 111, 49, 113, 67, 110, 78, 82, 53, 85, 52, 58, 0, 0, 0, 104, 116, 116, 112, 115, 58, 47, 47, 100, 111, 119, 110, 108, 111, 97, 100, 46, 103, 101, 111, 102, 97, 98, 114, 105, 107, 46, 100, 101, 47, 97, 115, 105, 97, 47, 112, 97, 107, 105, 115, 116, 97, 110, 45, 108, 97, 116, 101, 115, 116, 46, 111, 115, 109, 46, 112, 98, 102, 32, 0, 0, 0, 51, 55, 56, 100, 102, 50, 53, 102, 56, 50, 52, 49, 55, 55, 101, 98, 99, 98, 101, 57, 97, 97, 49, 49, 100, 56, 56, 98, 98, 100, 54, 98, 10, 0, 0, 0, 50, 48, 50, 54, 45, 48, 57, 45, 49, 57, 1, 64, 18, 236, 102, 0, 0, 0, 0])
    }
  }
}

Shard Size: 211 bytes
Decoded On-Chain State:
RegistryState {
  total_regions: 1,
  last_updated: 1726747200,
  records: [
    RegionRecord {
      region: "pakistan",
      parent: None,
      level: Country,
      cid: "zDvZRwzm4FBsSGJRftqqYev7aNBEcEUcwDBxCSREXGo1qCnNR5U4",
      source_url: "https://download.geofabrik.de/asia/pakistan-latest.osm.pbf",
      checksum: "378df25f824177ebcbe9aa11d88bbd6b",
      version: "2026-09-19",
      hosted: true,
      timestamp: 1726747200
    }
  ]
}

CID Verification Assertion:
Registered CID: zDvZRwzm4FBsSGJRftqqYev7aNBEcEUcwDBxCSREXGo1qCnNR5U4
Queried On-Chain CID: zDvZRwzm4FBsSGJRftqqYev7aNBEcEUcwDBxCSREXGo1qCnNR5U4
Status: EXACT MATCH CONFIRMED (100% On-Chain Live Execution)
