=== AtlasMirror F6 Update Check Verification Log ===
Timestamp: 2026-09-22T16:50:18Z
Environment: Ubuntu 24.04 LTS (x86_64)
Binary: atlasmirror 0.1.0

--- 1. Multi-Region Update Status Inspection ---
$ atlasmirror-cli updates
REGION                    STATUS             HOSTED VER      UPSTREAM VER
---------------------------------------------------------------------------
asia/pakistan             UP_TO_DATE         2026-09-19      2026-09-19
europe/germany            UPDATE_AVAILABLE   2026-09-17      2026-09-19
us/california             UP_TO_DATE         2026-09-19      2026-09-19
us/texas                  NOT_HOSTED         —               2026-09-19

--- 2. Single-Region Targeted Query (europe/germany) ---
$ atlasmirror-cli updates europe/germany
REGION                    STATUS             HOSTED VER      UPSTREAM VER
---------------------------------------------------------------------------
europe/germany            UPDATE_AVAILABLE   2026-09-17      2026-09-19

--- 3. Programmatic JSON Output Mode ---
$ atlasmirror-cli updates --json
[
  {
    "current_version": "2026-09-19",
    "region": "asia/pakistan",
    "status": "UP_TO_DATE",
    "upstream_version": "2026-09-19"
  },
  {
    "current_version": "2026-09-17",
    "region": "europe/germany",
    "status": "UPDATE_AVAILABLE",
    "upstream_version": "2026-09-19"
  },
  {
    "current_version": "2026-09-19",
    "region": "us/california",
    "status": "UP_TO_DATE",
    "upstream_version": "2026-09-19"
  },
  {
    "current_version": "—",
    "region": "us/texas",
    "status": "NOT_HOSTED",
    "upstream_version": "2026-09-19"
  }
]

=== F6 Verification Completed Successfully ===
